GowinSynthesis start
Running parser ...
Analyzing Verilog file 'C:\Users\Maduranga\Documents\GowinEDA\Tang Nano 9K\go_up_down_counter\src\clk_divider.v'
Analyzing Verilog file 'C:\Users\Maduranga\Documents\GowinEDA\Tang Nano 9K\go_up_down_counter\src\fsm.v'
Analyzing Verilog file 'C:\Users\Maduranga\Documents\GowinEDA\Tang Nano 9K\go_up_down_counter\src\go_detect.v'
Analyzing Verilog file 'C:\Users\Maduranga\Documents\GowinEDA\Tang Nano 9K\go_up_down_counter\src\top_design.v'
Compiling module 'top_module'("C:\Users\Maduranga\Documents\GowinEDA\Tang Nano 9K\go_up_down_counter\src\top_design.v":2)
Compiling module 'clock_divider(MAX_COUNT=13499999)'("C:\Users\Maduranga\Documents\GowinEDA\Tang Nano 9K\go_up_down_counter\src\clk_divider.v":1)
WARN  (EX3791) : Expression size 25 truncated to fit in target size 24("C:\Users\Maduranga\Documents\GowinEDA\Tang Nano 9K\go_up_down_counter\src\clk_divider.v":26)
Compiling module 'go_detect'("C:\Users\Maduranga\Documents\GowinEDA\Tang Nano 9K\go_up_down_counter\src\go_detect.v":1)
Compiling module 'fsm_counter'("C:\Users\Maduranga\Documents\GowinEDA\Tang Nano 9K\go_up_down_counter\src\fsm.v":1)
WARN  (EX3791) : Expression size 5 truncated to fit in target size 4("C:\Users\Maduranga\Documents\GowinEDA\Tang Nano 9K\go_up_down_counter\src\fsm.v":77)
WARN  (EX3791) : Expression size 32 truncated to fit in target size 4("C:\Users\Maduranga\Documents\GowinEDA\Tang Nano 9K\go_up_down_counter\src\fsm.v":81)
NOTE  (EX0101) : Current top module is "top_module"
[5%] Running netlist conversion ...
Running device independent optimization ...
[10%] Optimizing Phase 0 completed
[15%] Optimizing Phase 1 completed
[25%] Optimizing Phase 2 completed
Running inference ...
[30%] Inferring Phase 0 completed
[40%] Inferring Phase 1 completed
[50%] Inferring Phase 2 completed
[55%] Inferring Phase 3 completed
Running technical mapping ...
[60%] Tech-Mapping Phase 0 completed
[65%] Tech-Mapping Phase 1 completed
[75%] Tech-Mapping Phase 2 completed
[80%] Tech-Mapping Phase 3 completed
[90%] Tech-Mapping Phase 4 completed
[95%] Generate netlist file "C:\Users\Maduranga\Documents\GowinEDA\Tang Nano 9K\go_up_down_counter\impl\gwsynthesis\go_up_down_counter.vg" completed
[100%] Generate report file "C:\Users\Maduranga\Documents\GowinEDA\Tang Nano 9K\go_up_down_counter\impl\gwsynthesis\go_up_down_counter_syn.rpt.html" completed
GowinSynthesis finish
