Reading netlist file: "C:\Users\Maduranga\Documents\GowinEDA\Tang Nano 9K\go_up_down_counter\impl\gwsynthesis\go_up_down_counter.vg"
Parsing netlist file "C:\Users\Maduranga\Documents\GowinEDA\Tang Nano 9K\go_up_down_counter\impl\gwsynthesis\go_up_down_counter.vg" completed
Processing netlist completed
Reading constraint file: "C:\Users\Maduranga\Documents\GowinEDA\Tang Nano 9K\go_up_down_counter\src\go_up_down_counter.cst"
Physical Constraint parsed completed
Running placement......
[10%] Placement Phase 0 completed
[20%] Placement Phase 1 completed
[30%] Placement Phase 2 completed
WARN  (TA1132) :  'clk' was determined to be a clock but was not created.
[50%] Placement Phase 3 completed
Running routing......
[60%] Routing Phase 0 completed
[70%] Routing Phase 1 completed
[80%] Routing Phase 2 completed
[90%] Routing Phase 3 completed
Running timing analysis......
[95%] Timing analysis completed
Placement and routing completed
Bitstream generation in progress......
Bitstream generation completed
Running power analysis......
[100%] Power analysis completed
Generate file "C:\Users\Maduranga\Documents\GowinEDA\Tang Nano 9K\go_up_down_counter\impl\pnr\go_up_down_counter.power.html" completed
Generate file "C:\Users\Maduranga\Documents\GowinEDA\Tang Nano 9K\go_up_down_counter\impl\pnr\go_up_down_counter.pin.html" completed
Generate file "C:\Users\Maduranga\Documents\GowinEDA\Tang Nano 9K\go_up_down_counter\impl\pnr\go_up_down_counter.rpt.html" completed
Generate file "C:\Users\Maduranga\Documents\GowinEDA\Tang Nano 9K\go_up_down_counter\impl\pnr\go_up_down_counter.rpt.txt" completed
Generate file "C:\Users\Maduranga\Documents\GowinEDA\Tang Nano 9K\go_up_down_counter\impl\pnr\go_up_down_counter.tr.html" completed
Tue Mar 17 09:55:39 2026

